Component: ARM Compiler 5.06 update 7 (build 960) Tool: armlink [4d3601]

==============================================================================

Section Cross References

    startup_stm32f407xx.o(RESET) refers to startup_stm32f407xx.o(STACK) for __initial_sp
    startup_stm32f407xx.o(RESET) refers to startup_stm32f407xx.o(.text) for Reset_Handler
    startup_stm32f407xx.o(RESET) refers to stm32f4xx_it.o(i.NMI_Handler) for NMI_Handler
    startup_stm32f407xx.o(RESET) refers to stm32f4xx_it.o(i.HardFault_Handler) for HardFault_Handler
    startup_stm32f407xx.o(RESET) refers to stm32f4xx_it.o(i.MemManage_Handler) for MemManage_Handler
    startup_stm32f407xx.o(RESET) refers to stm32f4xx_it.o(i.BusFault_Handler) for BusFault_Handler
    startup_stm32f407xx.o(RESET) refers to stm32f4xx_it.o(i.UsageFault_Handler) for UsageFault_Handler
    startup_stm32f407xx.o(RESET) refers to stm32f4xx_it.o(i.SVC_Handler) for SVC_Handler
    startup_stm32f407xx.o(RESET) refers to stm32f4xx_it.o(i.DebugMon_Handler) for DebugMon_Handler
    startup_stm32f407xx.o(RESET) refers to stm32f4xx_it.o(i.PendSV_Handler) for PendSV_Handler
    startup_stm32f407xx.o(RESET) refers to stm32f4xx_it.o(i.SysTick_Handler) for SysTick_Handler
    startup_stm32f407xx.o(RESET) refers to stm32f4xx_it.o(i.DMA1_Stream1_IRQHandler) for DMA1_Stream1_IRQHandler
    startup_stm32f407xx.o(RESET) refers to stm32f4xx_it.o(i.DMA1_Stream3_IRQHandler) for DMA1_Stream3_IRQHandler
    startup_stm32f407xx.o(RESET) refers to stm32f4xx_it.o(i.DMA1_Stream5_IRQHandler) for DMA1_Stream5_IRQHandler
    startup_stm32f407xx.o(RESET) refers to stm32f4xx_it.o(i.DMA1_Stream6_IRQHandler) for DMA1_Stream6_IRQHandler
    startup_stm32f407xx.o(RESET) refers to stm32f4xx_it.o(i.TIM1_UP_TIM10_IRQHandler) for TIM1_UP_TIM10_IRQHandler
    startup_stm32f407xx.o(RESET) refers to stm32f4xx_it.o(i.USART1_IRQHandler) for USART1_IRQHandler
    startup_stm32f407xx.o(RESET) refers to stm32f4xx_it.o(i.USART2_IRQHandler) for USART2_IRQHandler
    startup_stm32f407xx.o(RESET) refers to stm32f4xx_it.o(i.USART3_IRQHandler) for USART3_IRQHandler
    startup_stm32f407xx.o(RESET) refers to stm32f4xx_it.o(i.TIM6_DAC_IRQHandler) for TIM6_DAC_IRQHandler
    startup_stm32f407xx.o(RESET) refers to stm32f4xx_it.o(i.TIM7_IRQHandler) for TIM7_IRQHandler
    startup_stm32f407xx.o(RESET) refers to stm32f4xx_it.o(i.DMA2_Stream1_IRQHandler) for DMA2_Stream1_IRQHandler
    startup_stm32f407xx.o(RESET) refers to stm32f4xx_it.o(i.DMA2_Stream2_IRQHandler) for DMA2_Stream2_IRQHandler
    startup_stm32f407xx.o(RESET) refers to stm32f4xx_it.o(i.DMA2_Stream7_IRQHandler) for DMA2_Stream7_IRQHandler
    startup_stm32f407xx.o(RESET) refers to stm32f4xx_it.o(i.DCMI_IRQHandler) for DCMI_IRQHandler
    startup_stm32f407xx.o(.text) refers to system_stm32f4xx.o(i.SystemInit) for SystemInit
    startup_stm32f407xx.o(.text) refers to entry.o(.ARM.Collect$$$$00000000) for __main
    main.o(i.HAL_DCMI_FrameEventCallback) refers to jpeg.o(i.jpeg_data_process) for jpeg_data_process
    main.o(i.HAL_DCMI_FrameEventCallback) refers to stm32f4xx_hal_gpio.o(i.HAL_GPIO_TogglePin) for HAL_GPIO_TogglePin
    main.o(i.HAL_DCMI_FrameEventCallback) refers to main.o(.data) for .data
    main.o(i.HAL_DCMI_FrameEventCallback) refers to jpeg.o(.data) for ov2640_mode
    main.o(i.HAL_TIM_PeriodElapsedCallback) refers to memseta.o(.text) for __aeabi_memclr4
    main.o(i.HAL_TIM_PeriodElapsedCallback) refers to f2d.o(.text) for __aeabi_f2d
    main.o(i.HAL_TIM_PeriodElapsedCallback) refers to printfa.o(i.__0sprintf) for __2sprintf
    main.o(i.HAL_TIM_PeriodElapsedCallback) refers to stm32f4xx_hal_uart.o(i.HAL_UART_Transmit_IT) for HAL_UART_Transmit_IT
    main.o(i.HAL_TIM_PeriodElapsedCallback) refers to stm32f4xx_hal_gpio.o(i.HAL_GPIO_TogglePin) for HAL_GPIO_TogglePin
    main.o(i.HAL_TIM_PeriodElapsedCallback) refers to stm32f4xx_hal.o(i.HAL_IncTick) for HAL_IncTick
    main.o(i.HAL_TIM_PeriodElapsedCallback) refers to tim.o(.bss) for htim10
    main.o(i.HAL_TIM_PeriodElapsedCallback) refers to main.o(.bss) for .bss
    main.o(i.HAL_TIM_PeriodElapsedCallback) refers to usart.o(.bss) for huart2
    main.o(i.HAL_UART_RxCpltCallback) refers to stm32f4xx_hal_uart.o(i.HAL_UART_Receive_IT) for HAL_UART_Receive_IT
    main.o(i.HAL_UART_RxCpltCallback) refers to main.o(.data) for .data
    main.o(i.HAL_UART_RxCpltCallback) refers to usart.o(.bss) for huart2
    main.o(i.ImgShow) refers to memseta.o(.text) for __aeabi_memclr4
    main.o(i.ImgShow) refers to printfa.o(i.__0sprintf) for __2sprintf
    main.o(i.ImgShow) refers to stm32f4xx_hal_uart.o(i.HAL_UART_Transmit_IT) for HAL_UART_Transmit_IT
    main.o(i.ImgShow) refers to main.o(.bss) for .bss
    main.o(i.ImgShow) refers to usart.o(.bss) for huart3
    main.o(i.SystemClock_Config) refers to memseta.o(.text) for __aeabi_memclr4
    main.o(i.SystemClock_Config) refers to stm32f4xx_hal_rcc.o(i.HAL_RCC_OscConfig) for HAL_RCC_OscConfig
[...]
    0x08000ac4   0x08000ac4   0x000000a8   Code   RO         1805    i.HAL_DCMI_IRQHandler  stm32f4xx_hal_dcmi.o
    0x08000b6c   0x08000b6c   0x00000086   Code   RO         1936    i.HAL_DCMI_Init     stm32f4xx_hal_dcmi_ex.o
    0x08000bf2   0x08000bf2   0x00000002   Code   RO         1807    i.HAL_DCMI_LineEventCallback  stm32f4xx_hal_dcmi.o
    0x08000bf4   0x08000bf4   0x00000124   Code   RO          310    i.HAL_DCMI_MspInit  dcmi.o
    0x08000d18   0x08000d18   0x000000b4   Code   RO         1811    i.HAL_DCMI_Start_DMA  stm32f4xx_hal_dcmi.o
    0x08000dcc   0x08000dcc   0x00000074   Code   RO         1812    i.HAL_DCMI_Stop     stm32f4xx_hal_dcmi.o
    0x08000e40   0x08000e40   0x00000002   Code   RO         1814    i.HAL_DCMI_VsyncEventCallback  stm32f4xx_hal_dcmi.o
    0x08000e42   0x08000e42   0x0000000e   Code   RO         2379    i.HAL_DMAEx_ChangeMemory  stm32f4xx_hal_dma_ex.o
    0x08000e50   0x08000e50   0x00000980   Code   RO         2381    i.HAL_DMAEx_MultiBufferStart_IT  stm32f4xx_hal_dma_ex.o
    0x080017d0   0x080017d0   0x00000092   Code   RO         2422    i.HAL_DMA_Abort     stm32f4xx_hal_dma.o
    0x08001862   0x08001862   0x00000024   Code   RO         2423    i.HAL_DMA_Abort_IT  stm32f4xx_hal_dma.o
    0x08001886   0x08001886   0x00000002   PAD
    0x08001888   0x08001888   0x000001a0   Code   RO         2427    i.HAL_DMA_IRQHandler  stm32f4xx_hal_dma.o
    0x08001a28   0x08001a28   0x000000d4   Code   RO         2428    i.HAL_DMA_Init      stm32f4xx_hal_dma.o
    0x08001afc   0x08001afc   0x0000006e   Code   RO         2432    i.HAL_DMA_Start_IT  stm32f4xx_hal_dma.o
    0x08001b6a   0x08001b6a   0x00000002   PAD
    0x08001b6c   0x08001b6c   0x000000a8   Code   RO          388    i.HAL_FSMC_MspInit  fsmc.o
    0x08001c14   0x08001c14   0x000001f0   Code   RO         2315    i.HAL_GPIO_Init     stm32f4xx_hal_gpio.o
    0x08001e04   0x08001e04   0x0000000a   Code   RO         2317    i.HAL_GPIO_ReadPin  stm32f4xx_hal_gpio.o
    0x08001e0e   0x08001e0e   0x00000010   Code   RO         2318    i.HAL_GPIO_TogglePin  stm32f4xx_hal_gpio.o
    0x08001e1e   0x08001e1e   0x0000000a   Code   RO         2319    i.HAL_GPIO_WritePin  stm32f4xx_hal_gpio.o
    0x08001e28   0x08001e28   0x0000000c   Code   RO         2865    i.HAL_GetTick       stm32f4xx_hal.o
    0x08001e34   0x08001e34   0x00000010   Code   RO         2871    i.HAL_IncTick       stm32f4xx_hal.o
    0x08001e44   0x08001e44   0x00000034   Code   RO         2872    i.HAL_Init          stm32f4xx_hal.o
    0x08001e78   0x08001e78   0x0000008c   Code   RO          782    i.HAL_InitTick      stm32f4xx_hal_timebase_tim.o
    0x08001f04   0x08001f04   0x00000030   Code   RO          758    i.HAL_MspInit       stm32f4xx_hal_msp.o
    0x08001f34   0x08001f34   0x0000001a   Code   RO         2707    i.HAL_NVIC_EnableIRQ  stm32f4xx_hal_cortex.o
    0x08001f4e   0x08001f4e   0x00000002   PAD
    0x08001f50   0x08001f50   0x00000040   Code   RO         2713    i.HAL_NVIC_SetPriority  stm32f4xx_hal_cortex.o
    0x08001f90   0x08001f90   0x00000024   Code   RO         2714    i.HAL_NVIC_SetPriorityGrouping  stm32f4xx_hal_cortex.o
    0x08001fb4   0x08001fb4   0x00000134   Code   RO         1961    i.HAL_RCC_ClockConfig  stm32f4xx_hal_rcc.o
    0x080020e8   0x080020e8   0x00000040   Code   RO         1965    i.HAL_RCC_GetClockConfig  stm32f4xx_hal_rcc.o
    0x08002128   0x08002128   0x00000020   Code   RO         1968    i.HAL_RCC_GetPCLK1Freq  stm32f4xx_hal_rcc.o
    0x08002148   0x08002148   0x00000020   Code   RO         1969    i.HAL_RCC_GetPCLK2Freq  stm32f4xx_hal_rcc.o
    0x08002168   0x08002168   0x00000060   Code   RO         1970    i.HAL_RCC_GetSysClockFreq  stm32f4xx_hal_rcc.o
    0x080021c8   0x080021c8   0x0000036c   Code   RO         1973    i.HAL_RCC_OscConfig  stm32f4xx_hal_rcc.o
    0x08002534   0x08002534   0x000000bc   Code   RO         3436    i.HAL_SPI_Init      stm32f4xx_hal_spi.o
    0x080025f0   0x080025f0   0x00000068   Code   RO          438    i.HAL_SPI_MspInit   spi.o
    0x08002658   0x08002658   0x000001f0   Code   RO         3445    i.HAL_SPI_TransmitReceive  stm32f4xx_hal_spi.o
    0x08002848   0x08002848   0x0000005c   Code   RO         3258    i.HAL_SRAM_Init     stm32f4xx_hal_sram.o
    0x080028a4   0x080028a4   0x00000004   Code   RO          390    i.HAL_SRAM_MspInit  fsmc.o
    0x080028a8   0x080028a8   0x00000002   Code   RO         1527    i.HAL_TIMEx_BreakCallback  stm32f4xx_hal_tim_ex.o
    0x080028aa   0x080028aa   0x00000002   Code   RO         1528    i.HAL_TIMEx_CommutCallback  stm32f4xx_hal_tim_ex.o
    0x080028ac   0x080028ac   0x00000090   Code   RO         1546    i.HAL_TIMEx_MasterConfigSynchronization  stm32f4xx_hal_tim_ex.o
    0x0800293c   0x0800293c   0x0000005a   Code   RO          823    i.HAL_TIM_Base_Init  stm32f4xx_hal_tim.o
    0x08002996   0x08002996   0x00000002   PAD
    0x08002998   0x08002998   0x00000090   Code   RO          480    i.HAL_TIM_Base_MspInit  tim.o
    0x08002a28   0x08002a28   0x00000078   Code   RO          826    i.HAL_TIM_Base_Start  stm32f4xx_hal_tim.o
    0x08002aa0   0x08002aa0   0x00000080   Code   RO          828    i.HAL_TIM_Base_Start_IT  stm32f4xx_hal_tim.o
    0x08002b20   0x08002b20   0x00000026   Code   RO          829    i.HAL_TIM_Base_Stop  stm32f4xx_hal_tim.o
    0x08002b46   0x08002b46   0x00000002   Code   RO          857    i.HAL_TIM_IC_CaptureCallback  stm32f4xx_hal_tim.o
    0x08002b48   0x08002b48   0x00000130   Code   RO          871    i.HAL_TIM_IRQHandler  stm32f4xx_hal_tim.o
    0x08002c78   0x08002c78   0x00000002   Code   RO          874    i.HAL_TIM_OC_DelayElapsedCallback  stm32f4xx_hal_tim.o
    0x08002c7a   0x08002c7a   0x00000002   Code   RO          901    i.HAL_TIM_PWM_PulseFinishedCallback  stm32f4xx_hal_tim.o
    0x08002c7c   0x08002c7c   0x000000c4   Code   RO           15    i.HAL_TIM_PeriodElapsedCallback  main.o
    0x08002d40   0x08002d40   0x00000002   Code   RO          914    i.HAL_TIM_TriggerCallback  stm32f4xx_hal_tim.o
    0x08002d42   0x08002d42   0x00000002   Code   RO         3759    i.HAL_UARTEx_RxEventCallback  stm32f4xx_hal_uart.o
    0x08002d44   0x08002d44   0x00000002   Code   RO         3773    i.HAL_UART_ErrorCallback  stm32f4xx_hal_uart.o
    0x08002d46   0x08002d46   0x00000002   PAD
    0x08002d48   0x08002d48   0x00000280   Code   RO         3776    i.HAL_UART_IRQHandler  stm32f4xx_hal_uart.o
    0x08002fc8   0x08002fc8   0x00000064   Code   RO         3777    i.HAL_UART_Init     stm32f4xx_hal_uart.o
    0x0800302c   0x0800302c   0x000002cc   Code   RO          538    i.HAL_UART_MspInit  usart.o
    0x080032f8   0x080032f8   0x0000001c   Code   RO         3782    i.HAL_UART_Receive_IT  stm32f4xx_hal_uart.o
    0x08003314   0x08003314   0x0000005c   Code   RO           16    i.HAL_UART_RxCpltCallback  main.o
    0x08003370   0x08003370   0x00000032   Code   RO         3787    i.HAL_UART_Transmit_IT  stm32f4xx_hal_uart.o
    0x080033a2   0x080033a2   0x00000002   Code   RO         3788    i.HAL_UART_TxCpltCallback  stm32f4xx_hal_uart.o
    0x080033a4   0x080033a4   0x00000002   Code   RO          605    i.HardFault_Handler  stm32f4xx_it.o
    0x080033a6   0x080033a6   0x00000002   PAD
    0x080033a8   0x080033a8   0x0000008c   Code   RO           17    i.ImgShow           main.o
    0x08003434   0x08003434   0x00000038   Code   RO          311    i.MX_DCMI_Init      dcmi.o
    0x0800346c   0x0800346c   0x0000009c   Code   RO          364    i.MX_DMA_Init       dma.o
    0x08003508   0x08003508   0x00000070   Code   RO          391    i.MX_FSMC_Init      fsmc.o
    0x08003578   0x08003578   0x000001a8   Code   RO          285    i.MX_GPIO_Init      gpio.o
    0x08003720   0x08003720   0x00000048   Code   RO          439    i.MX_SPI1_Init      spi.o
    0x08003768   0x08003768   0x00000034   Code   RO          481    i.MX_TIM10_Init     tim.o
    0x0800379c   0x0800379c   0x00000044   Code   RO          482    i.MX_TIM6_Init      tim.o
    0x080037e0   0x080037e0   0x00000048   Code   RO          483    i.MX_TIM7_Init      tim.o
    0x08003828   0x08003828   0x00000038   Code   RO          539    i.MX_USART1_UART_Init  usart.o
    0x08003860   0x08003860   0x00000038   Code   RO          540    i.MX_USART2_UART_Init  usart.o
    0x08003898   0x08003898   0x00000038   Code   RO          541    i.MX_USART3_UART_Init  usart.o
    0x080038d0   0x080038d0   0x00000002   Code   RO          606    i.MemManage_Handler  stm32f4xx_it.o
    0x080038d2   0x080038d2   0x00000002   Code   RO          607    i.NMI_Handler       stm32f4xx_it.o
    0x080038d4   0x080038d4   0x00000002   Code   RO          608    i.PendSV_Handler    stm32f4xx_it.o
    0x080038d6   0x080038d6   0x00000002   PAD
    0x080038d8   0x080038d8   0x0000006c   Code   RO         3474    i.SPI_EndRxTxTransaction  stm32f4xx_hal_spi.o
    0x08003944   0x08003944   0x000000bc   Code   RO         3479    i.SPI_WaitFlagStateUntilTimeout  stm32f4xx_hal_spi.o
    0x08003a00   0x08003a00   0x00000002   Code   RO          609    i.SVC_Handler       stm32f4xx_it.o
    0x08003a02   0x08003a02   0x00000002   Code   RO          610    i.SysTick_Handler   stm32f4xx_it.o
    0x08003a04   0x08003a04   0x00000094   Code   RO           18    i.SystemClock_Config  main.o
    0x08003a98   0x08003a98   0x00000010   Code   RO         4111    i.SystemInit        system_stm32f4xx.o
    0x08003aa8   0x08003aa8   0x0000001c   Code   RO          611    i.TIM1_UP_TIM10_IRQHandler  stm32f4xx_it.o
    0x08003ac4   0x08003ac4   0x0000000c   Code   RO          612    i.TIM6_DAC_IRQHandler  stm32f4xx_it.o
    0x08003ad0   0x08003ad0   0x0000000c   Code   RO          613    i.TIM7_IRQHandler   stm32f4xx_it.o
    0x08003adc   0x08003adc   0x000000d0   Code   RO          916    i.TIM_Base_SetConfig  stm32f4xx_hal_tim.o
    0x08003bac   0x08003bac   0x0000000e   Code   RO         3790    i.UART_DMAAbortOnError  stm32f4xx_hal_uart.o
    0x08003bba   0x08003bba   0x0000004e   Code   RO         3800    i.UART_EndRxTransfer  stm32f4xx_hal_uart.o
    0x08003c08   0x08003c08   0x000000c2   Code   RO         3802    i.UART_Receive_IT   stm32f4xx_hal_uart.o
    0x08003cca   0x08003cca   0x00000002   PAD
    0x08003ccc   0x08003ccc   0x0000010c   Code   RO         3803    i.UART_SetConfig    stm32f4xx_hal_uart.o
    0x08003dd8   0x08003dd8   0x00000036   Code   RO         3805    i.UART_Start_Receive_IT  stm32f4xx_hal_uart.o
    0x08003e0e   0x08003e0e   0x00000002   PAD
    0x08003e10   0x08003e10   0x0000000c   Code   RO          614    i.USART1_IRQHandler  stm32f4xx_it.o
    0x08003e1c   0x08003e1c   0x0000000c   Code   RO          615    i.USART2_IRQHandler  stm32f4xx_it.o
    0x08003e28   0x08003e28   0x0000000c   Code   RO          616    i.USART3_IRQHandler  stm32f4xx_it.o
    0x08003e34   0x08003e34   0x00000002   Code   RO          617    i.UsageFault_Handler  stm32f4xx_it.o
    0x08003e36   0x08003e36   0x00000002   PAD
    0x08003e38   0x08003e38   0x00000028   Code   RO         7305    i.__0sprintf        mc_w.l(printfa.o)
    0x08003e60   0x08003e60   0x00000026   Code   RO         7369    i.__ARM_fpclassifyf  m_wm.l(fpclassifyf.o)
    0x08003e86   0x08003e86   0x00000020   Code   RO         2720    i.__NVIC_SetPriority  stm32f4xx_hal_cortex.o
    0x08003ea6   0x08003ea6   0x00000002   PAD
    0x08003ea8   0x08003ea8   0x00000134   Code   RO         6596    i.__ai_math_dot_array  NetworkRuntime910_CM4_Keil.lib(lite_dense_if32.o)
    0x08003fdc   0x08003fdc   0x000001e8   Code   RO         6933    i.__hardfp_expf     m_wm.l(expf.o)
    0x080041c4   0x080041c4   0x00000006   Code   RO         7372    i.__mathlib_flt_infnan  m_wm.l(funder.o)
    0x080041ca   0x080041ca   0x00000002   PAD
    0x080041cc   0x080041cc   0x00000010   Code   RO         7375    i.__mathlib_flt_overflow  m_wm.l(funder.o)
    0x080041dc   0x080041dc   0x00000010   Code   RO         7377    i.__mathlib_flt_underflow  m_wm.l(funder.o)
    0x080041ec   0x080041ec   0x0000000e   Code   RO         7454    i.__scatterload_copy  mc_w.l(handlers.o)
    0x080041fa   0x080041fa   0x00000002   Code   RO         7455    i.__scatterload_null  mc_w.l(handlers.o)
    0x080041fc   0x080041fc   0x0000000e   Code   RO         7456    i.__scatterload_zeroinit  mc_w.l(handlers.o)
    0x0800420a   0x0800420a   0x00000002   PAD
    0x0800420c   0x0800420c   0x0000000c   Code   RO         7422    i.__set_errno       mc_w.l(errno.o)
    0x08004218   0x08004218   0x00000012   Code   RO         6440    i._ai_forward_layer  NetworkRuntime910_CM4_Keil.lib(layers.o)
    0x0800422a   0x0800422a   0x00000002   PAD
    0x0800422c   0x0800422c   0x000000e0   Code   RO         5399    i._ai_platform_get_io_buffers_info  NetworkRuntime910_CM4_Keil.lib(ai_platform_interface.o)
    0x0800430c   0x0800430c   0x00000038   Code   RO         5599    i._forward_lite_nl_relu_thresholded_if32of32  NetworkRuntime910_CM4_Keil.lib(layers_nl_generic_float.o)
    0x08004344   0x08004344   0x0000002e   Code   RO         5600    i._forward_lite_nl_softmax_if32of32  NetworkRuntime910_CM4_Keil.lib(layers_nl_generic_float.o)
    0x08004372   0x08004372   0x00000002   PAD
    0x08004374   0x08004374   0x00000184   Code   RO         7310    i._fp_digits        mc_w.l(printfa.o)
    0x080044f8   0x080044f8   0x0000012c   Code   RO         6597    i._lite_dict4_dot_array_f32  NetworkRuntime910_CM4_Keil.lib(lite_dense_if32.o)
    0x08004624   0x08004624   0x000000e8   Code   RO         6598    i._lite_dict8_dot_array_f32  NetworkRuntime910_CM4_Keil.lib(lite_dense_if32.o)
    0x0800470c   0x0800470c   0x0000004c   Code   RO         5400    i._platform_ai_buffer_array_copy  NetworkRuntime910_CM4_Keil.lib(ai_platform_interface.o)
    0x08004758   0x08004758   0x00000050   Code   RO         5401    i._platform_get_table_map_from_buffer  NetworkRuntime910_CM4_Keil.lib(ai_platform_interface.o)
    0x080047a8   0x080047a8   0x00000044   Code   RO         5402    i._platform_get_table_map_from_buffer_array  NetworkRuntime910_CM4_Keil.lib(ai_platform_interface.o)
    0x080047ec   0x080047ec   0x00000014   Code   RO         5403    i._platform_network_buffers_signature_valid  NetworkRuntime910_CM4_Keil.lib(ai_platform_interface.o)
    0x08004800   0x08004800   0x00000210   Code   RO         5404    i._platform_network_io_bind  NetworkRuntime910_CM4_Keil.lib(ai_platform_interface.o)
    0x08004a10   0x08004a10   0x0000003e   Code   RO         5405    i._platform_network_state_setup  NetworkRuntime910_CM4_Keil.lib(ai_platform_interface.o)
    0x08004a4e   0x08004a4e   0x00000068   Code   RO         5406    i._platform_network_state_update_input  NetworkRuntime910_CM4_Keil.lib(ai_platform_interface.o)
    0x08004ab6   0x08004ab6   0x0000007c   Code   RO         5407    i._platform_network_state_update_output  NetworkRuntime910_CM4_Keil.lib(ai_platform_interface.o)
    0x08004b32   0x08004b32   0x00000002   PAD
    0x08004b34   0x08004b34   0x000006b4   Code   RO         7311    i._printf_core      mc_w.l(printfa.o)
    0x080051e8   0x080051e8   0x00000024   Code   RO         7312    i._printf_post_padding  mc_w.l(printfa.o)
    0x0800520c   0x0800520c   0x0000002e   Code   RO         7313    i._printf_pre_padding  mc_w.l(printfa.o)
    0x0800523a   0x0800523a   0x0000000a   Code   RO         7315    i._sputc            mc_w.l(printfa.o)
    0x08005244   0x08005244   0x00000044   Code   RO           19    i.aiInit            main.o
    0x08005288   0x08005288   0x00000028   Code   RO           20    i.aiRun             main.o
    0x080052b0   0x080052b0   0x0000001e   Code   RO         6351    i.ai_array_get_data_byte_size  NetworkRuntime910_CM4_Keil.lib(ai_datatypes_format.o)
    0x080052ce   0x080052ce   0x00000002   PAD
    0x080052d0   0x080052d0   0x00000128   Code   RO         6353    i.ai_array_to_buffer_fmt  NetworkRuntime910_CM4_Keil.lib(ai_datatypes_format.o)
    0x080053f8   0x080053f8   0x00000024   Code   RO         5385    i.ai_buffer_array_item_set_address  NetworkRuntime910_CM4_Keil.lib(ai_platform.o)
    0x0800541c   0x0800541c   0x00000012   Code   RO         5386    i.ai_buffer_array_sane  NetworkRuntime910_CM4_Keil.lib(ai_platform.o)
    0x0800542e   0x0800542e   0x00000002   PAD
    0x08005430   0x08005430   0x00000068   Code   RO         5388    i.ai_buffer_get_size  NetworkRuntime910_CM4_Keil.lib(ai_platform.o)
    0x08005498   0x08005498   0x0000002c   Code   RO         6442    i.ai_check_custom_types  NetworkRuntime910_CM4_Keil.lib(layers.o)
    0x080054c4   0x080054c4   0x00000050   Code   RO         6446    i.ai_layers_forward_all  NetworkRuntime910_CM4_Keil.lib(layers.o)
    0x08005514   0x08005514   0x0000001e   Code   RO         6447    i.ai_layers_init_all  NetworkRuntime910_CM4_Keil.lib(layers.o)
    0x08005532   0x08005532   0x00000036   Code   RO         6448    i.ai_layers_post_init_all  NetworkRuntime910_CM4_Keil.lib(layers.o)
    0x08005568   0x08005568   0x00000018   Code   RO         4530    i.ai_network_create  network.o
    0x08005580   0x08005580   0x00000088   Code   RO         4531    i.ai_network_create_and_init  network.o
    0x08005608   0x08005608   0x00000028   Code   RO         5312    i.ai_network_data_params_get  network_data.o
    0x08005630   0x08005630   0x00000004   Code   RO         4534    i.ai_network_get_error  network.o
    0x08005634   0x08005634   0x00000030   Code   RO         4537    i.ai_network_init   network.o
    0x08005664   0x08005664   0x00000014   Code   RO         4538    i.ai_network_inputs_get  network.o
    0x08005678   0x08005678   0x00000014   Code   RO         4539    i.ai_network_outputs_get  network.o
    0x0800568c   0x0800568c   0x00000004   Code   RO         4540    i.ai_network_run    network.o
    0x08005690   0x08005690   0x0000002c   Code   RO         5411    i.ai_platform_bind_network_params  NetworkRuntime910_CM4_Keil.lib(ai_platform_interface.o)
    0x080056bc   0x080056bc   0x00000014   Code   RO         5412    i.ai_platform_context_acquire  NetworkRuntime910_CM4_Keil.lib(ai_platform_interface.o)
    0x080056d0   0x080056d0   0x0000002c   Code   RO         5414    i.ai_platform_get_activations_map  NetworkRuntime910_CM4_Keil.lib(ai_platform_interface.o)
    0x080056fc   0x080056fc   0x00000028   Code   RO         5415    i.ai_platform_get_weights_map  NetworkRuntime910_CM4_Keil.lib(ai_platform_interface.o)
    0x08005724   0x08005724   0x00000042   Code   RO         5416    i.ai_platform_inputs_get  NetworkRuntime910_CM4_Keil.lib(ai_platform_interface.o)
    0x08005766   0x08005766   0x00000002   PAD
    0x08005768   0x08005768   0x0000009c   Code   RO         5418    i.ai_platform_network_create  NetworkRuntime910_CM4_Keil.lib(ai_platform_interface.o)
    0x08005804   0x08005804   0x0000001c   Code   RO         5420    i.ai_platform_network_get_error  NetworkRuntime910_CM4_Keil.lib(ai_platform_interface.o)
    0x08005820   0x08005820   0x00000118   Code   RO         5421    i.ai_platform_network_init  NetworkRuntime910_CM4_Keil.lib(ai_platform_interface.o)
    0x08005938   0x08005938   0x00000050   Code   RO         5422    i.ai_platform_network_post_init  NetworkRuntime910_CM4_Keil.lib(ai_platform_interface.o)
    0x08005988   0x08005988   0x00000054   Code   RO         5423    i.ai_platform_network_process  NetworkRuntime910_CM4_Keil.lib(ai_platform_interface.o)
    0x080059dc   0x080059dc   0x0000000c   Code   RO         5424    i.ai_platform_network_set_error  NetworkRuntime910_CM4_Keil.lib(ai_platform_interface.o)
    0x080059e8   0x080059e8   0x00000048   Code   RO         5430    i.ai_platform_outputs_get  NetworkRuntime910_CM4_Keil.lib(ai_platform_interface.o)
    0x08005a30   0x08005a30   0x0000001a   Code   RO         5515    i.ai_shape_get_size  NetworkRuntime910_CM4_Keil.lib(layers_generic_float.o)
    0x08005a4a   0x08005a4a   0x0000001a   Code   RO         5601    i.ai_shape_get_size  NetworkRuntime910_CM4_Keil.lib(layers_nl_generic_float.o)
    0x08005a64   0x08005a64   0x0000001a   Code   RO         5789    i.ai_shape_get_size  NetworkRuntime910_CM4_Keil.lib(layers_norm_generic_float.o)
    0x08005a7e   0x08005a7e   0x00000002   PAD
    0x08005a80   0x08005a80   0x0000001e   Code   RO         6063    i.ai_sum_buffer_f32  NetworkRuntime910_CM4_Keil.lib(ai_math_helpers.o)
    0x08005a9e   0x08005a9e   0x00000012   Code   RO         6070    i.ai_sum_f32        NetworkRuntime910_CM4_Keil.lib(ai_math_helpers.o)
    0x08005ab0   0x08005ab0   0x0000000c   Code   RO         6374    i.ai_version_get    NetworkRuntime910_CM4_Keil.lib(ai_datatypes_internal.o)
    0x08005abc   0x08005abc   0x00000088   Code   RO         6690    i.bnl_kernel_if32of32  NetworkRuntime910_CM4_Keil.lib(forward_lite_bn_internal.o)
    0x08005b44   0x08005b44   0x0000015c   Code   RO         6404    i.core_compute_offsets  NetworkRuntime910_CM4_Keil.lib(core_utils.o)
    0x08005ca0   0x08005ca0   0x00000060   Code   RO         6405    i.core_get_broadcasted_shape  NetworkRuntime910_CM4_Keil.lib(core_utils.o)
    0x08005d00   0x08005d00   0x0000000c   Code   RO         6384    i.core_get_error    NetworkRuntime910_CM4_Keil.lib(core_common.o)
    0x08005d0c   0x08005d0c   0x00000004   Code   RO         6385    i.core_init         NetworkRuntime910_CM4_Keil.lib(core_common.o)
    0x08005d10   0x08005d10   0x0000001a   Code   RO         6386    i.core_set_error    NetworkRuntime910_CM4_Keil.lib(core_common.o)
    0x08005d2a   0x08005d2a   0x00000014   Code   RO         4148    i.delay_ms          jpeg.o
    0x08005d3e   0x08005d3e   0x00000002   PAD
    0x08005d40   0x08005d40   0x00000030   Code   RO         4149    i.delay_us          jpeg.o
    0x08005d70   0x08005d70   0x0000016e   Code   RO         5804    i.forward_ap        NetworkRuntime910_CM4_Keil.lib(layers_pool_generic_float.o)
    0x08005ede   0x08005ede   0x000000bc   Code   RO         5790    i.forward_bn        NetworkRuntime910_CM4_Keil.lib(layers_norm_generic_float.o)
    0x08005f9a   0x08005f9a   0x000001f0   Code   RO         5477    i.forward_conv2d_if32of32wf32  NetworkRuntime910_CM4_Keil.lib(layers_conv2d_generic_float.o)
    0x0800618a   0x0800618a   0x00000002   PAD
    0x0800618c   0x0800618c   0x00000148   Code   RO         5481    i.forward_dense     NetworkRuntime910_CM4_Keil.lib(layers_conv2d_generic_float.o)
    0x080062d4   0x080062d4   0x0000024c   Code   RO         5522    i.forward_eltwise   NetworkRuntime910_CM4_Keil.lib(layers_generic_float.o)
    0x08006520   0x08006520   0x0000001a   Code   RO         6588    i.forward_lite_bn_if32of32wf32  NetworkRuntime910_CM4_Keil.lib(lite_bn_f32.o)
    0x0800653a   0x0800653a   0x00000002   PAD
    0x0800653c   0x0800653c   0x00000154   Code   RO         6509    i.forward_lite_conv2d_if32of32wf32  NetworkRuntime910_CM4_Keil.lib(forward_lite_conv2d_if32of32wf32.o)
    0x08006690   0x08006690   0x00000098   Code   RO         6599    i.forward_lite_dense_if32of32wf32  NetworkRuntime910_CM4_Keil.lib(lite_dense_if32.o)
    0x08006728   0x08006728   0x000000ac   Code   RO         6600    i.forward_lite_dense_if32of32wf32_lut4  NetworkRuntime910_CM4_Keil.lib(lite_dense_if32.o)
    0x080067d4   0x080067d4   0x000000ac   Code   RO         6601    i.forward_lite_dense_if32of32wf32_lut8  NetworkRuntime910_CM4_Keil.lib(lite_dense_if32.o)
    0x08006880   0x08006880   0x000000ac   Code   RO         6545    i.forward_lite_nl_relu_generic_if32of32_kernel  NetworkRuntime910_CM4_Keil.lib(lite_nl_relu_if32of32.o)
    0x0800692c   0x0800692c   0x00000098   Code   RO         6534    i.forward_lite_nl_softmax_if32of32_kernel  NetworkRuntime910_CM4_Keil.lib(lite_nl_softmax_if32of32.o)
    0x080069c4   0x080069c4   0x000000d0   Code   RO         5627    i.forward_relu      NetworkRuntime910_CM4_Keil.lib(layers_nl_generic_float.o)
    0x08006a94   0x08006a94   0x00000070   Code   RO         5636    i.forward_sm        NetworkRuntime910_CM4_Keil.lib(layers_nl_generic_float.o)
    0x08006b04   0x08006b04   0x00000182   Code   RO         6517    i.fw_lite_conv2d_kernel_simple_opt_f32  NetworkRuntime910_CM4_Keil.lib(forward_lite_conv2d_if32of32wf32.o)
    0x08006c86   0x08006c86   0x00000002   PAD
    0x08006c88   0x08006c88   0x00000028   Code   RO         6375    i.get_tensor_byte_size  NetworkRuntime910_CM4_Keil.lib(ai_datatypes_internal.o)
    0x08006cb0   0x08006cb0   0x00000030   Code   RO           21    i.initialize_rgb888  main.o
    0x08006ce0   0x08006ce0   0x00000058   Code   RO         4151    i.jpeg_data_process  jpeg.o
    0x08006d38   0x08006d38   0x0000007c   Code   RO         6602    i.lite_decompress_ilutof32  NetworkRuntime910_CM4_Keil.lib(lite_dense_if32.o)
    0x08006db4   0x08006db4   0x00000148   Code   RO           22    i.main              main.o
    0x08006efc   0x08006efc   0x000001c8   Code   RO         4541    i.network_configure_activations  network.o
    0x080070c4   0x080070c4   0x0000040c   Code   RO         4542    i.network_configure_weights  network.o
    0x080074d0   0x080074d0   0x0000007c   Code   RO         4436    i.norflash_init     w25flash.o
    0x0800754c   0x0800754c   0x0000004c   Code   RO         4438    i.norflash_read_id  w25flash.o
    0x08007598   0x08007598   0x00000048   Code   RO         4439    i.norflash_read_sr  w25flash.o
    0x080075e0   0x080075e0   0x0000002c   Code   RO         4443    i.norflash_write_enable  w25flash.o
    0x0800760c   0x0800760c   0x0000004c   Code   RO         4445    i.norflash_write_sr  w25flash.o
    0x08007658   0x08007658   0x00000040   Code   RO         4246    i.ov2640_color_saturation  ov2640.o
    0x08007698   0x08007698   0x0000006e   Code   RO         4247    i.ov2640_contrast   ov2640.o
    0x08007706   0x08007706   0x00000002   PAD
    0x08007708   0x08007708   0x000000d0   Code   RO         4252    i.ov2640_init       ov2640.o
    0x080077d8   0x080077d8   0x00000054   Code   RO         4255    i.ov2640_outsize_set  ov2640.o
    0x0800782c   0x0800782c   0x0000004c   Code   RO         4256    i.ov2640_read_reg   ov2640.o
    0x08007878   0x08007878   0x00000024   Code   RO         4257    i.ov2640_rgb565_mode  ov2640.o
    0x0800789c   0x0800789c   0x00000070   Code   RO         4258    i.ov2640_special_effects  ov2640.o
    0x0800790c   0x0800790c   0x0000004a   Code   RO         4260    i.ov2640_write_reg  ov2640.o
    0x08007956   0x08007956   0x00000002   PAD
    0x08007958   0x08007958   0x0000007c   Code   RO         5806    i.pool_func_ap_kernel_array_f32  NetworkRuntime910_CM4_Keil.lib(layers_pool_generic_float.o)
    0x080079d4   0x080079d4   0x00000310   Code   RO         4154    i.rgb565_to_rgb888  jpeg.o
    0x08007ce4   0x08007ce4   0x00000060   Code   RO         4155    i.rgb_init          jpeg.o
    0x08007d44   0x08007d44   0x000000b0   Code   RO         4156    i.rgb_test          jpeg.o
    0x08007df4   0x08007df4   0x0000006c   Code   RO         4380    i.sccb_init         sccb.o
    0x08007e60   0x08007e60   0x0000004c   Code   RO         4381    i.sccb_nack         sccb.o
    0x08007eac   0x08007eac   0x0000004c   Code   RO         4382    i.sccb_read_byte    sccb.o
    0x08007ef8   0x08007ef8   0x00000088   Code   RO         4383    i.sccb_send_byte    sccb.o
    0x08007f80   0x08007f80   0x00000040   Code   RO         4384    i.sccb_start        sccb.o
    0x08007fc0   0x08007fc0   0x0000003c   Code   RO         4385    i.sccb_stop         sccb.o
    0x08007ffc   0x08007ffc   0x00000020   Code   RO         4446    i.spi1_read_write_byte  w25flash.o
    0x0800801c   0x0800801c   0x00000090   Code   RO         6670    i.st_int8_copy      NetworkRuntime910_CM4_Keil.lib(st_int8_fill.o)
    0x080080ac   0x080080ac   0x00000004   Data   RO           25    .constdata          main.o
    0x080080b0   0x080080b0   0x00000008   Data   RO         2434    .constdata          stm32f4xx_hal_dma.o
    0x080080b8   0x080080b8   0x00000010   Data   RO         4112    .constdata          system_stm32f4xx.o
    0x080080c8   0x080080c8   0x00000008   Data   RO         4113    .constdata          system_stm32f4xx.o
    0x080080d0   0x080080d0   0x000001c6   Data   RO         4262    .constdata          ov2640.o
    0x08008296   0x08008296   0x00000002   PAD
    0x08008298   0x08008298   0x00000008   Data   RO         4549    .constdata          network.o
    0x080082a0   0x080082a0   0x00000008   Data   RO         4550    .constdata          network.o
    0x080082a8   0x080082a8   0x00000008   Data   RO         4551    .constdata          network.o
    0x080082b0   0x080082b0   0x00000008   Data   RO         4552    .constdata          network.o
    0x080082b8   0x080082b8   0x00000008   Data   RO         4553    .constdata          network.o
    0x080082c0   0x080082c0   0x00000008   Data   RO         4554    .constdata          network.o
    0x080082c8   0x080082c8   0x00000008   Data   RO         4555    .constdata          network.o
    0x080082d0   0x080082d0   0x00000008   Data   RO         4556    .constdata          network.o
    0x080082d8   0x080082d8   0x00000008   Data   RO         4557    .constdata          network.o
    0x080082e0   0x080082e0   0x00000008   Data   RO         4558    .constdata          network.o
    0x080082e8   0x080082e8   0x00000008   Data   RO         4559    .constdata          network.o
    0x080082f0   0x080082f0   0x00000008   Data   RO         4560    .constdata          network.o
    0x080082f8   0x080082f8   0x00000008   Data   RO         4561    .constdata          network.o
    0x08008300   0x08008300   0x00000008   Data   RO         4562    .constdata          network.o
    0x08008308   0x08008308   0x00000008   Data   RO         4563    .constdata          network.o
    0x08008310   0x08008310   0x00000008   Data   RO         4564    .constdata          network.o
    0x08008318   0x08008318   0x00000008   Data   RO         4565    .constdata          network.o
    0x08008320   0x08008320   0x00000008   Data   RO         4566    .constdata          network.o
    0x08008328   0x08008328   0x00000008   Data   RO         4567    .constdata          network.o
    0x08008330   0x08008330   0x00000008   Data   RO         4568    .constdata          network.o
    0x08008338   0x08008338   0x00000008   Data   RO         4569    .constdata          network.o
    0x08008340   0x08008340   0x00000008   Data   RO         4570    .constdata          network.o
    0x08008348   0x08008348   0x00000008   Data   RO         4571    .constdata          network.o
    0x08008350   0x08008350   0x00000008   Data   RO         4572    .constdata          network.o
    0x08008358   0x08008358   0x00000008   Data   RO         4573    .constdata          network.o
    0x08008360   0x08008360   0x00000008   Data   RO         4574    .constdata          network.o
    0x08008368   0x08008368   0x00000008   Data   RO         4575    .constdata          network.o
    0x08008370   0x08008370   0x00000008   Data   RO         4576    .constdata          network.o
    0x08008378   0x08008378   0x00000008   Data   RO         4577    .constdata          network.o
    0x08008380   0x08008380   0x00000008   Data   RO         4578    .constdata          network.o
    0x08008388   0x08008388   0x00000008   Data   RO         4579    .constdata          network.o
    0x08008390   0x08008390   0x00000008   Data   RO         4580    .constdata          network.o
    0x08008398   0x08008398   0x00000008   Data   RO         4581    .constdata          network.o
    0x080083a0   0x080083a0   0x00000008   Data   RO         4582    .constdata          network.o
    0x080083a8   0x080083a8   0x00000008   Data   RO         4583    .constdata          network.o
    0x080083b0   0x080083b0   0x00000068   Data   RO         5315    .constdata          network_data.o
    0x08008418   0x08008418   0x00000008   PAD
    0x08008420   0x08008420   0x0005ae10   Data   RO         5365    .constdata          network_data_params.o
    0x08063230   0x08063230   0x00000068   Data   RO         5433    .constdata          NetworkRuntime910_CM4_Keil.lib(ai_platform_interface.o)
    0x08063298   0x08063298   0x00000280   Data   RO         5549    .constdata          NetworkRuntime910_CM4_Keil.lib(layers_generic_float.o)
    0x08063518   0x08063518   0x0000001c   Data   RO         6410    .constdata          NetworkRuntime910_CM4_Keil.lib(core_utils.o)
    0x08063534   0x08063534   0x00000030   Data   RO         6936    .constdata          m_wm.l(expf.o)
    0x08063564   0x08063564   0x00000040   Data   RO         7452    Region$$Table       anon$$obj.o


    Execution Region RW_IRAM2 (Exec base: 0x10000000, Load base: 0x0806388c, Size: 0x000073e4, Max: 0x00010000, ABSOLUTE, COMPRESSED[0x000008ac])

    Exec Addr    Load Addr    Size         Type   Attr      Idx    E Section Name        Object

    0x10000000   COMPRESSED   0x00000018   Data   RW           26    .data               main.o
    0x10000018   COMPRESSED   0x00000008   Data   RW          393    .data               fsmc.o
    0x10000020   COMPRESSED   0x00000010   Data   RW         4586    .data               network.o
    0x10000030   COMPRESSED   0x00000010   Data   RW         4588    .data               network.o
    0x10000040   COMPRESSED   0x00000010   Data   RW         4590    .data               network.o
    0x10000050   COMPRESSED   0x00000010   Data   RW         4592    .data               network.o
    0x10000060   COMPRESSED   0x00000010   Data   RW         4594    .data               network.o
    0x10000070   COMPRESSED   0x00000010   Data   RW         4596    .data               network.o
    0x10000080   COMPRESSED   0x00000010   Data   RW         4598    .data               network.o
    0x10000090   COMPRESSED   0x00000010   Data   RW         4600    .data               network.o
    0x100000a0   COMPRESSED   0x00000010   Data   RW         4602    .data               network.o
    0x100000b0   COMPRESSED   0x00000010   Data   RW         4604    .data               network.o
    0x100000c0   COMPRESSED   0x00000010   Data   RW         4606    .data               network.o
    0x100000d0   COMPRESSED   0x00000010   Data   RW         4608    .data               network.o
    0x100000e0   COMPRESSED   0x00000010   Data   RW         4610    .data               network.o
    0x100000f0   COMPRESSED   0x00000010   Data   RW         4612    .data               network.o
    0x10000100   COMPRESSED   0x00000010   Data   RW         4614    .data               network.o
    0x10000110   COMPRESSED   0x00000010   Data   RW         4616    .data               network.o
    0x10000120   COMPRESSED   0x00000010   Data   RW         4618    .data               network.o
    0x10000130   COMPRESSED   0x00000010   Data   RW         4620    .data               network.o
    0x10000140   COMPRESSED   0x00000010   Data   RW         4622    .data               network.o
    0x10000150   COMPRESSED   0x00000010   Data   RW         4624    .data               network.o
    0x10000160   COMPRESSED   0x00000010   Data   RW         4626    .data               network.o
    0x10000170   COMPRESSED   0x00000010   Data   RW         4628    .data               network.o
    0x10000180   COMPRESSED   0x00000010   Data   RW         4630    .data               network.o
    0x10000190   COMPRESSED   0x00000010   Data   RW         4632    .data               network.o
    0x100001a0   COMPRESSED   0x00000010   Data   RW         4634    .data               network.o
    0x100001b0   COMPRESSED   0x00000010   Data   RW         4636    .data               network.o
    0x100001c0   COMPRESSED   0x00000010   Data   RW         4638    .data               network.o
    0x100001d0   COMPRESSED   0x00000010   Data   RW         4640    .data               network.o
    0x100001e0   COMPRESSED   0x00000010   Data   RW         4642    .data               network.o
    0x100001f0   COMPRESSED   0x00000010   Data   RW         4644    .data               network.o
    0x10000200   COMPRESSED   0x00000010   Data   RW         4646    .data               network.o
    0x10000210   COMPRESSED   0x00000010   Data   RW         4648    .data               network.o
    0x10000220   COMPRESSED   0x00000010   Data   RW         4650    .data               network.o
    0x10000230   COMPRESSED   0x00000010   Data   RW         4652    .data               network.o
    0x10000240   COMPRESSED   0x00000010   Data   RW         4654    .data               network.o
    0x10000250   COMPRESSED   0x00000010   Data   RW         4656    .data               network.o
    0x10000260   COMPRESSED   0x00000010   Data   RW         4658    .data               network.o
    0x10000270   COMPRESSED   0x00000010   Data   RW         4660    .data               network.o
    0x10000280   COMPRESSED   0x00000010   Data   RW         4662    .data               network.o
    0x10000290   COMPRESSED   0x00000010   Data   RW         4664    .data               network.o
    0x100002a0   COMPRESSED   0x00000010   Data   RW         4666    .data               network.o
    0x100002b0   COMPRESSED   0x00000010   Data   RW         4668    .data               network.o
    0x100002c0   COMPRESSED   0x00000010   Data   RW         4670    .data               network.o
    0x100002d0   COMPRESSED   0x00000010   Data   RW         4672    .data               network.o
    0x100002e0   COMPRESSED   0x00000010   Data   RW         4674    .data               network.o
    0x100002f0   COMPRESSED   0x00000010   Data   RW         4676    .data               network.o
    0x10000300   COMPRESSED   0x00000010   Data   RW         4678    .data               network.o
    0x10000310   COMPRESSED   0x00000010   Data   RW         4680    .data               network.o
    0x10000320   COMPRESSED   0x00000010   Data   RW         4682    .data               network.o
    0x10000330   COMPRESSED   0x00000010   Data   RW         4684    .data               network.o
    0x10000340   COMPRESSED   0x00000010   Data   RW         4686    .data               network.o
    0x10000350   COMPRESSED   0x00000010   Data   RW         4688    .data               network.o
    0x10000360   COMPRESSED   0x00000010   Data   RW         4690    .data               network.o
    0x10000370   COMPRESSED   0x00000010   Data   RW         4692    .data               network.o
    0x10000380   COMPRESSED   0x00000010   Data   RW         4694    .data               network.o
    0x10000390   COMPRESSED   0x00000010   Data   RW         4696    .data               network.o
    0x100003a0   COMPRESSED   0x00000010   Data   RW         4698    .data               network.o
    0x100003b0   COMPRESSED   0x00000010   Data   RW         4700    .data               network.o
    0x100003c0   COMPRESSED   0x00000010   Data   RW         4702    .data               network.o
    0x100003d0   COMPRESSED   0x00000010   Data   RW         4704    .data               network.o
    0x100003e0   COMPRESSED   0x00000010   Data   RW         4706    .data               network.o
    0x100003f0   COMPRESSED   0x00000010   Data   RW         4708    .data               network.o
    0x10000400   COMPRESSED   0x00000010   Data   RW         4710    .data               network.o
    0x10000410   COMPRESSED   0x00000010   Data   RW         4712    .data               network.o
    0x10000420   COMPRESSED   0x00000010   Data   RW         4714    .data               network.o
    0x10000430   COMPRESSED   0x00000010   Data   RW         4716    .data               network.o
    0x10000440   COMPRESSED   0x00000010   Data   RW         4718    .data               network.o
    0x10000450   COMPRESSED   0x00000010   Data   RW         4720    .data               network.o
    0x10000460   COMPRESSED   0x00000010   Data   RW         4722    .data               network.o
    0x10000470   COMPRESSED   0x00000010   Data   RW         4724    .data               network.o
    0x10000480   COMPRESSED   0x00000010   Data   RW         4726    .data               network.o
    0x10000490   COMPRESSED   0x00000010   Data   RW         4728    .data               network.o
    0x100004a0   COMPRESSED   0x00000010   Data   RW         4730    .data               network.o
    0x100004b0   COMPRESSED   0x00000010   Data   RW         4732    .data               network.o
    0x100004c0   COMPRESSED   0x00000010   Data   RW         4734    .data               network.o
    0x100004d0   COMPRESSED   0x00000010   Data   RW         4736    .data               network.o
    0x100004e0   COMPRESSED   0x00000010   Data   RW         4738    .data               network.o
    0x100004f0   COMPRESSED   0x00000010   Data   RW         4740    .data               network.o
    0x10000500   COMPRESSED   0x00000010   Data   RW         4742    .data               network.o
    0x10000510   COMPRESSED   0x00000010   Data   RW         4744    .data               network.o
    0x10000520   COMPRESSED   0x00000010   Data   RW         4746    .data               network.o
    0x10000530   COMPRESSED   0x00000010   Data   RW         4748    .data               network.o
    0x10000540   COMPRESSED   0x00000010   Data   RW         4750    .data               network.o
    0x10000550   COMPRESSED   0x00000010   Data   RW         4752    .data               network.o
    0x10000560   COMPRESSED   0x00000010   Data   RW         4754    .data               network.o
    0x10000570   COMPRESSED   0x00000010   Data   RW         4756    .data               network.o
    0x10000580   COMPRESSED   0x00000010   Data   RW         4758    .data               network.o
    0x10000590   COMPRESSED   0x00000010   Data   RW         4760    .data               network.o
    0x100005a0   COMPRESSED   0x00000004   Data   RW         4763    .data               network.o
    0x100005a4   COMPRESSED   0x00000004   Data   RW         4765    .data               network.o
    0x100005a8   COMPRESSED   0x00000030   Data   RW         4766    .data               network.o
    0x100005d8   COMPRESSED   0x00000004   Data   RW         4768    .data               network.o
    0x100005dc   COMPRESSED   0x00000008   Data   RW         4769    .data               network.o
    0x100005e4   COMPRESSED   0x00000030   Data   RW         4771    .data               network.o
    0x10000614   COMPRESSED   0x00000004   Data   RW         4772    .data               network.o
    0x10000618   COMPRESSED   0x00000004   Data   RW         4774    .data               network.o
    0x1000061c   COMPRESSED   0x00000030   Data   RW         4776    .data               network.o
    0x1000064c   COMPRESSED   0x00000004   Data   RW         4777    .data               network.o
    0x10000650   COMPRESSED   0x00000004   Data   RW         4780    .data               network.o
    0x10000654   COMPRESSED   0x00000030   Data   RW         4781    .data               network.o
    0x10000684   COMPRESSED   0x00000004   Data   RW         4783    .data               network.o
    0x10000688   COMPRESSED   0x00000004   Data   RW         4785    .data               network.o
    0x1000068c   COMPRESSED   0x00000030   Data   RW         4786    .data               network.o
    0x100006bc   COMPRESSED   0x00000004   Data   RW         4788    .data               network.o
    0x100006c0   COMPRESSED   0x0000000c   Data   RW         4789    .data               network.o
    0x100006cc   COMPRESSED   0x00000008   Data   RW         4790    .data               network.o
    0x100006d4   COMPRESSED   0x00000030   Data   RW         4791    .data               network.o
    0x10000704   COMPRESSED   0x00000010   Data   RW         4792    .data               network.o
    0x10000714   COMPRESSED   0x00000004   Data   RW         4794    .data               network.o
    0x10000718   COMPRESSED   0x00000030   Data   RW         4797    .data               network.o
    0x10000748   COMPRESSED   0x00000004   Data   RW         4798    .data               network.o
    0x1000074c   COMPRESSED   0x00000004   Data   RW         4800    .data               network.o
    0x10000750   COMPRESSED   0x00000030   Data   RW         4802    .data               network.o
    0x10000780   COMPRESSED   0x00000004   Data   RW         4803    .data               network.o
    0x10000784   COMPRESSED   0x00000008   Data   RW         4806    .data               network.o
    0x1000078c   COMPRESSED   0x00000030   Data   RW         4807    .data               network.o
    0x100007bc   COMPRESSED   0x00000004   Data   RW         4810    .data               network.o
    0x100007c0   COMPRESSED   0x00000004   Data   RW         4812    .data               network.o
    0x100007c4   COMPRESSED   0x00000030   Data   RW         4813    .data               network.o
    0x100007f4   COMPRESSED   0x00000008   Data   RW         4814    .data               network.o
    0x100007fc   COMPRESSED   0x00000004   Data   RW         4816    .data               network.o
    0x10000800   COMPRESSED   0x00000030   Data   RW         4818    .data               network.o
    0x10000830   COMPRESSED   0x00000004   Data   RW         4819    .data               network.o
    0x10000834   COMPRESSED   0x00000004   Data   RW         4822    .data               network.o
    0x10000838   COMPRESSED   0x00000030   Data   RW         4823    .data               network.o
    0x10000868   COMPRESSED   0x00000004   Data   RW         4825    .data               network.o
    0x1000086c   COMPRESSED   0x00000004   Data   RW         4827    .data               network.o
    0x10000870   COMPRESSED   0x00000030   Data   RW         4828    .data               network.o
    0x100008a0   COMPRESSED   0x00000004   Data   RW         4830    .data               network.o
    0x100008a4   COMPRESSED   0x0000000c   Data   RW         4831    .data               network.o
    0x100008b0   COMPRESSED   0x00000008   Data   RW         4832    .data               network.o
    0x100008b8   COMPRESSED   0x00000030   Data   RW         4833    .data               network.o
    0x100008e8   COMPRESSED   0x00000010   Data   RW         4834    .data               network.o
    0x100008f8   COMPRESSED   0x00000004   Data   RW         4836    .data               network.o
    0x100008fc   COMPRESSED   0x00000030   Data   RW         4839    .data               network.o
    0x1000092c   COMPRESSED   0x00000004   Data   RW         4840    .data               network.o
    0x10000930   COMPRESSED   0x00000004   Data   RW         4842    .data               network.o
    0x10000934   COMPRESSED   0x00000030   Data   RW         4844    .data               network.o
    0x10000964   COMPRESSED   0x00000004   Data   RW         4845    .data               network.o
    0x10000968   COMPRESSED   0x00000008   Data   RW         4848    .data               network.o
    0x10000970   COMPRESSED   0x00000030   Data   RW         4849    .data               network.o
    0x100009a0   COMPRESSED   0x00000004   Data   RW         4850    .data               network.o
    0x100009a4   COMPRESSED   0x00000004   Data   RW         4853    .data               network.o
    0x100009a8   COMPRESSED   0x00000030   Data   RW         4854    .data               network.o
    0x100009d8   COMPRESSED   0x00000004   Data   RW         4856    .data               network.o
    0x100009dc   COMPRESSED   0x00000004   Data   RW         4858    .data               network.o
    0x100009e0   COMPRESSED   0x00000030   Data   RW         4859    .data               network.o
    0x10000a10   COMPRESSED   0x00000004   Data   RW         4861    .data               network.o
    0x10000a14   COMPRESSED   0x0000000c   Data   RW         4862    .data               network.o
    0x10000a20   COMPRESSED   0x00000008   Data   RW         4863    .data               network.o
    0x10000a28   COMPRESSED   0x00000030   Data   RW         4864    .data               network.o
    0x10000a58   COMPRESSED   0x00000004   Data   RW         4867    .data               network.o
    0x10000a5c   COMPRESSED   0x00000030   Data   RW         4870    .data               network.o
    0x10000a8c   COMPRESSED   0x00000004   Data   RW         4871    .data               network.o
    0x10000a90   COMPRESSED   0x00000004   Data   RW         4873    .data               network.o
    0x10000a94   COMPRESSED   0x00000030   Data   RW         4875    .data               network.o
    0x10000ac4   COMPRESSED   0x00000004   Data   RW         4876    .data               network.o
    0x10000ac8   COMPRESSED   0x00000008   Data   RW         4879    .data               network.o
    0x10000ad0   COMPRESSED   0x00000030   Data   RW         4880    .data               network.o
    0x10000b00   COMPRESSED   0x00000010   Data   RW         4881    .data               network.o
    0x10000b10   COMPRESSED   0x00000004   Data   RW         4882    .data               network.o
    0x10000b14   COMPRESSED   0x00000004   Data   RW         4885    .data               network.o
    0x10000b18   COMPRESSED   0x00000030   Data   RW         4886    .data               network.o
    0x10000b48   COMPRESSED   0x00000004   Data   RW         4888    .data               network.o
    0x10000b4c   COMPRESSED   0x00000004   Data   RW         4890    .data               network.o
    0x10000b50   COMPRESSED   0x00000030   Data   RW         4891    .data               network.o
    0x10000b80   COMPRESSED   0x00000004   Data   RW         4893    .data               network.o
    0x10000b84   COMPRESSED   0x0000000c   Data   RW         4894    .data               network.o
    0x10000b90   COMPRESSED   0x00000008   Data   RW         4895    .data               network.o
    0x10000b98   COMPRESSED   0x00000030   Data   RW         4896    .data               network.o
    0x10000bc8   COMPRESSED   0x00000004   Data   RW         4899    .data               network.o
    0x10000bcc   COMPRESSED   0x00000030   Data   RW         4902    .data               network.o
    0x10000bfc   COMPRESSED   0x00000004   Data   RW         4903    .data               network.o
    0x10000c00   COMPRESSED   0x00000004   Data   RW         4905    .data               network.o
    0x10000c04   COMPRESSED   0x00000030   Data   RW         4907    .data               network.o
    0x10000c34   COMPRESSED   0x00000004   Data   RW         4908    .data               network.o
    0x10000c38   COMPRESSED   0x00000008   Data   RW         4911    .data               network.o
    0x10000c40   COMPRESSED   0x00000030   Data   RW         4912    .data               network.o
    0x10000c70   COMPRESSED   0x00000010   Data   RW         4913    .data               network.o
    0x10000c80   COMPRESSED   0x00000004   Data   RW         4914    .data               network.o
    0x10000c84   COMPRESSED   0x00000004   Data   RW         4917    .data               network.o
    0x10000c88   COMPRESSED   0x00000030   Data   RW         4918    .data               network.o
    0x10000cb8   COMPRESSED   0x00000004   Data   RW         4920    .data               network.o
    0x10000cbc   COMPRESSED   0x00000004   Data   RW         4922    .data               network.o
    0x10000cc0   COMPRESSED   0x00000030   Data   RW         4923    .data               network.o
    0x10000cf0   COMPRESSED   0x00000004   Data   RW         4925    .data               network.o
    0x10000cf4   COMPRESSED   0x0000000c   Data   RW         4926    .data               network.o
    0x10000d00   COMPRESSED   0x00000008   Data   RW         4927    .data               network.o
    0x10000d08   COMPRESSED   0x00000030   Data   RW         4928    .data               network.o
    0x10000d38   COMPRESSED   0x00000004   Data   RW         4931    .data               network.o
    0x10000d3c   COMPRESSED   0x00000030   Data   RW         4934    .data               network.o
    0x10000d6c   COMPRESSED   0x00000004   Data   RW         4935    .data               network.o
    0x10000d70   COMPRESSED   0x00000004   Data   RW         4937    .data               network.o
    0x10000d74   COMPRESSED   0x00000030   Data   RW         4939    .data               network.o
    0x10000da4   COMPRESSED   0x00000004   Data   RW         4940    .data               network.o
    0x10000da8   COMPRESSED   0x00000008   Data   RW         4943    .data               network.o
    0x10000db0   COMPRESSED   0x00000030   Data   RW         4944    .data               network.o
    0x10000de0   COMPRESSED   0x00000010   Data   RW         4945    .data               network.o
    0x10000df0   COMPRESSED   0x0000001c   Data   RW         4947    .data               network.o
    0x10000e0c   COMPRESSED   0x00000010   Data   RW         4948    .data               network.o
    0x10000e1c   COMPRESSED   0x0000001c   Data   RW         4949    .data               network.o
    0x10000e38   COMPRESSED   0x00000004   Data   RW         4950    .data               network.o
    0x10000e3c   COMPRESSED   0x0000000c   Data   RW         4952    .data               network.o
    0x10000e48   COMPRESSED   0x00000008   Data   RW         4954    .data               network.o
    0x10000e50   COMPRESSED   0x000005d4   Data   RW         4957    .data               network.o
    0x10001424   COMPRESSED   0x0000001c   Data   RW         4958    .data               network.o
    0x10001440   COMPRESSED   0x0000001c   Data   RW         4959    .data               network.o
    0x1000145c   COMPRESSED   0x0000001c   Data   RW         4960    .data               network.o
    0x10001478   COMPRESSED   0x0000001c   Data   RW         4961    .data               network.o
    0x10001494   COMPRESSED   0x0000001c   Data   RW         4962    .data               network.o
    0x100014b0   COMPRESSED   0x0000001c   Data   RW         4963    .data               network.o
    0x100014cc   COMPRESSED   0x0000001c   Data   RW         4964    .data               network.o
    0x100014e8   COMPRESSED   0x0000001c   Data   RW         4965    .data               network.o
    0x10001504   COMPRESSED   0x0000001c   Data   RW         4966    .data               network.o
    0x10001520   COMPRESSED   0x0000001c   Data   RW         4967    .data               network.o
    0x1000153c   COMPRESSED   0x0000001c   Data   RW         4968    .data               network.o
    0x10001558   COMPRESSED   0x0000001c   Data   RW         4969    .data               network.o
    0x10001574   COMPRESSED   0x0000001c   Data   RW         4970    .data               network.o
    0x10001590   COMPRESSED   0x0000001c   Data   RW         4971    .data               network.o
    0x100015ac   COMPRESSED   0x0000001c   Data   RW         4972    .data               network.o
    0x100015c8   COMPRESSED   0x0000001c   Data   RW         4973    .data               network.o
    0x100015e4   COMPRESSED   0x0000001c   Data   RW         4974    .data               network.o
    0x10001600   COMPRESSED   0x0000001c   Data   RW         4975    .data               network.o
    0x1000161c   COMPRESSED   0x0000001c   Data   RW         4976    .data               network.o
    0x10001638   COMPRESSED   0x0000001c   Data   RW         4977    .data               network.o
    0x10001654   COMPRESSED   0x0000001c   Data   RW         4978    .data               network.o
    0x10001670   COMPRESSED   0x0000001c   Data   RW         4979    .data               network.o
    0x1000168c   COMPRESSED   0x0000001c   Data   RW         4980    .data               network.o
    0x100016a8   COMPRESSED   0x0000001c   Data   RW         4981    .data               network.o
    0x100016c4   COMPRESSED   0x0000001c   Data   RW         4982    .data               network.o
    0x100016e0   COMPRESSED   0x0000001c   Data   RW         4983    .data               network.o
    0x100016fc   COMPRESSED   0x0000001c   Data   RW         4984    .data               network.o
    0x10001718   COMPRESSED   0x0000001c   Data   RW         4985    .data               network.o
    0x10001734   COMPRESSED   0x0000001c   Data   RW         4986    .data               network.o
    0x10001750   COMPRESSED   0x0000001c   Data   RW         4987    .data               network.o
    0x1000176c   COMPRESSED   0x0000001c   Data   RW         4988    .data               network.o
    0x10001788   COMPRESSED   0x0000001c   Data   RW         4989    .data               network.o
    0x100017a4   COMPRESSED   0x0000001c   Data   RW         4990    .data               network.o
    0x100017c0   COMPRESSED   0x0000001c   Data   RW         4991    .data               network.o
    0x100017dc   COMPRESSED   0x0000001c   Data   RW         4992    .data               network.o
    0x100017f8   COMPRESSED   0x0000001c   Data   RW         4993    .data               network.o
    0x10001814   COMPRESSED   0x0000001c   Data   RW         4994    .data               network.o
    0x10001830   COMPRESSED   0x0000001c   Data   RW         4995    .data               network.o
    0x1000184c   COMPRESSED   0x0000001c   Data   RW         4996    .data               network.o
    0x10001868   COMPRESSED   0x0000001c   Data   RW         4997    .data               network.o
    0x10001884   COMPRESSED   0x0000001c   Data   RW         4998    .data               network.o
    0x100018a0   COMPRESSED   0x0000001c   Data   RW         4999    .data               network.o
    0x100018bc   COMPRESSED   0x0000001c   Data   RW         5001    .data               network.o
    0x100018d8   COMPRESSED   0x0000001c   Data   RW         5003    .data               network.o
    0x100018f4   COMPRESSED   0x0000001c   Data   RW         5005    .data               network.o
    0x10001910   COMPRESSED   0x0000001c   Data   RW         5007    .data               network.o
    0x1000192c   COMPRESSED   0x0000001c   Data   RW         5009    .data               network.o
    0x10001948   COMPRESSED   0x0000001c   Data   RW         5011    .data               network.o
    0x10001964   COMPRESSED   0x0000001c   Data   RW         5013    .data               network.o
    0x10001980   COMPRESSED   0x0000001c   Data   RW         5015    .data               network.o
    0x1000199c   COMPRESSED   0x0000001c   Data   RW         5017    .data               network.o
    0x100019b8   COMPRESSED   0x0000001c   Data   RW         5019    .data               network.o
    0x100019d4   COMPRESSED   0x0000001c   Data   RW         5021    .data               network.o
    0x100019f0   COMPRESSED   0x0000001c   Data   RW         5023    .data               network.o
    0x10001a0c   COMPRESSED   0x0000001c   Data   RW         5025    .data               network.o
    0x10001a28   COMPRESSED   0x0000001c   Data   RW         5027    .data               network.o
    0x10001a44   COMPRESSED   0x0000001c   Data   RW         5029    .data               network.o
    0x10001a60   COMPRESSED   0x0000001c   Data   RW         5031    .data               network.o
    0x10001a7c   COMPRESSED   0x0000001c   Data   RW         5033    .data               network.o
    0x10001a98   COMPRESSED   0x0000001c   Data   RW         5035    .data               network.o
    0x10001ab4   COMPRESSED   0x0000001c   Data   RW         5037    .data               network.o
    0x10001ad0   COMPRESSED   0x0000001c   Data   RW         5039    .data               network.o
    0x10001aec   COMPRESSED   0x0000001c   Data   RW         5041    .data               network.o
    0x10001b08   COMPRESSED   0x0000001c   Data   RW         5043    .data               network.o
    0x10001b24   COMPRESSED   0x0000001c   Data   RW         5045    .data               network.o
    0x10001b40   COMPRESSED   0x00000020   Data   RW         5046    .data               network.o
    0x10001b60   COMPRESSED   0x00000038   Data   RW         5048    .data               network.o
    0x10001b98   COMPRESSED   0x0000001c   Data   RW         5049    .data               network.o
    0x10001bb4   COMPRESSED   0x00000020   Data   RW         5050    .data               network.o
    0x10001bd4   COMPRESSED   0x00000044   Data   RW         5051    .data               network.o
    0x10001c18   COMPRESSED   0x00000020   Data   RW         5053    .data               network.o
    0x10001c38   COMPRESSED   0x00000044   Data   RW         5054    .data               network.o
    0x10001c7c   COMPRESSED   0x00000024   Data   RW         5055    .data               network.o
    0x10001ca0   COMPRESSED   0x00000024   Data   RW         5056    .data               network.o
    0x10001cc4   COMPRESSED   0x0000001c   Data   RW         5057    .data               network.o
    0x10001ce0   COMPRESSED   0x00000020   Data   RW         5058    .data               network.o
    0x10001d00   COMPRESSED   0x00000044   Data   RW         5059    .data               network.o
    0x10001d44   COMPRESSED   0x00000020   Data   RW         5061    .data               network.o
    0x10001d64   COMPRESSED   0x00000044   Data   RW         5062    .data               network.o
    0x10001da8   COMPRESSED   0x0000001c   Data   RW         5063    .data               network.o
    0x10001dc4   COMPRESSED   0x00000020   Data   RW         5064    .data               network.o
    0x10001de4   COMPRESSED   0x00000044   Data   RW         5065    .data               network.o
    0x10001e28   COMPRESSED   0x00000020   Data   RW         5067    .data               network.o
    0x10001e48   COMPRESSED   0x00000044   Data   RW         5068    .data               network.o
    0x10001e8c   COMPRESSED   0x0000001c   Data   RW         5069    .data               network.o
    0x10001ea8   COMPRESSED   0x00000020   Data   RW         5070    .data               network.o
    0x10001ec8   COMPRESSED   0x00000044   Data   RW         5071    .data               network.o
    0x10001f0c   COMPRESSED   0x00000020   Data   RW         5073    .data               network.o
    0x10001f2c   COMPRESSED   0x00000044   Data   RW         5074    .data               network.o
    0x10001f70   COMPRESSED   0x0000001c   Data   RW         5075    .data               network.o
    0x10001f8c   COMPRESSED   0x00000020   Data   RW         5076    .data               network.o
    0x10001fac   COMPRESSED   0x00000044   Data   RW         5077    .data               network.o
    0x10001ff0   COMPRESSED   0x00000020   Data   RW         5079    .data               network.o
    0x10002010   COMPRESSED   0x00000044   Data   RW         5080    .data               network.o
    0x10002054   COMPRESSED   0x00000010   Data   RW         5317    .data               network_data.o
    0x10002064   COMPRESSED   0x0000001c   Data   RW         5318    .data               network_data.o
    0x10002080   COMPRESSED   0x00000004   Data   RW         7423    .data               mc_w.l(errno.o)
    0x10002084   COMPRESSED   0x0000001c   PAD
    0x100020a0        -       0x00004d6c   Zero   RW           23    .bss                main.o
    0x10006e0c        -       0x000000a0   Zero   RW          314    .bss                dcmi.o
    0x10006eac        -       0x00000050   Zero   RW          392    .bss                fsmc.o
    0x10006efc        -       0x00000058   Zero   RW          440    .bss                spi.o
    0x10006f54        -       0x000000d8   Zero   RW          484    .bss                tim.o
    0x1000702c        -       0x00000318   Zero   RW          542    .bss                usart.o
    0x10007344        -       0x00000048   Zero   RW          785    .bss                stm32f4xx_hal_timebase_tim.o
    0x1000738c        -       0x00000010   Zero   RW         4543    .bss                network.o
    0x1000739c        -       0x0000001c   Zero   RW         4545    .bss                network.o
    0x100073b8        -       0x00000010   Zero   RW         4546    .bss                network.o
    0x100073c8        -       0x0000001c   Zero   RW         4547    .bss                network.o


    Execution Region RW_IRAM1 (Exec base: 0x20000000, Load base: 0x080635a4, Size: 0x000173d0, Max: 0x00020000, ABSOLUTE, COMPRESSED[0x000002e8])

    Exec Addr    Load Addr    Size         Type   Attr      Idx    E Section Name        Object

    0x20000000   COMPRESSED   0x0000000c   Data   RW         2879    .data               stm32f4xx_hal.o
    0x2000000c   COMPRESSED   0x00000004   Data   RW         4114    .data               system_stm32f4xx.o
    0x20000010   COMPRESSED   0x00000008   Data   RW         4163    .data               jpeg.o
    0x20000018   COMPRESSED   0x00000002   Data   RW         4448    .data               w25flash.o
    0x2000001a   COMPRESSED   0x00000002   PAD
    0x2000001c   COMPRESSED   0x00000010   Data   RW         4587    .data               network.o
    0x2000002c   COMPRESSED   0x00000010   Data   RW         4589    .data               network.o
    0x2000003c   COMPRESSED   0x00000010   Data   RW         4591    .data               network.o
    0x2000004c   COMPRESSED   0x00000010   Data   RW         4593    .data               network.o
    0x2000005c   COMPRESSED   0x00000010   Data   RW         4595    .data               network.o
    0x2000006c   COMPRESSED   0x00000010   Data   RW         4597    .data               network.o
    0x2000007c   COMPRESSED   0x00000010   Data   RW         4599    .data               network.o
    0x2000008c   COMPRESSED   0x00000010   Data   RW         4601    .data               network.o
    0x2000009c   COMPRESSED   0x00000010   Data   RW         4603    .data               network.o
    0x200000ac   COMPRESSED   0x00000010   Data   RW         4605    .data               network.o
    0x200000bc   COMPRESSED   0x00000010   Data   RW         4607    .data               network.o
    0x200000cc   COMPRESSED   0x00000010   Data   RW         4609    .data               network.o
    0x200000dc   COMPRESSED   0x00000010   Data   RW         4611    .data               network.o
    0x200000ec   COMPRESSED   0x00000010   Data   RW         4613    .data               network.o
    0x200000fc   COMPRESSED   0x00000010   Data   RW         4615    .data               network.o
    0x2000010c   COMPRESSED   0x00000010   Data   RW         4617    .data               network.o
    0x2000011c   COMPRESSED   0x00000010   Data   RW         4619    .data               network.o
    0x2000012c   COMPRESSED   0x00000010   Data   RW         4621    .data               network.o
    0x2000013c   COMPRESSED   0x00000010   Data   RW         4623    .data               network.o
    0x2000014c   COMPRESSED   0x00000010   Data   RW         4625    .data               network.o
    0x2000015c   COMPRESSED   0x00000010   Data   RW         4627    .data               network.o
    0x2000016c   COMPRESSED   0x00000010   Data   RW         4629    .data               network.o
    0x2000017c   COMPRESSED   0x00000010   Data   RW         4631    .data               network.o
    0x2000018c   COMPRESSED   0x00000010   Data   RW         4633    .data               network.o
    0x2000019c   COMPRESSED   0x00000010   Data   RW         4635    .data               network.o
    0x200001ac   COMPRESSED   0x00000010   Data   RW         4637    .data               network.o
    0x200001bc   COMPRESSED   0x00000010   Data   RW         4639    .data               network.o
    0x200001cc   COMPRESSED   0x00000010   Data   RW         4641    .data               network.o
    0x200001dc   COMPRESSED   0x00000010   Data   RW         4643    .data               network.o
    0x200001ec   COMPRESSED   0x00000010   Data   RW         4645    .data               network.o
    0x200001fc   COMPRESSED   0x00000010   Data   RW         4647    .data               network.o
    0x2000020c   COMPRESSED   0x00000010   Data   RW         4649    .data               network.o
    0x2000021c   COMPRESSED   0x00000010   Data   RW         4651    .data               network.o
    0x2000022c   COMPRESSED   0x00000010   Data   RW         4653    .data               network.o
    0x2000023c   COMPRESSED   0x00000010   Data   RW         4655    .data               network.o
    0x2000024c   COMPRESSED   0x00000010   Data   RW         4657    .data               network.o
    0x2000025c   COMPRESSED   0x00000010   Data   RW         4659    .data               network.o
    0x2000026c   COMPRESSED   0x00000010   Data   RW         4661    .data               network.o
    0x2000027c   COMPRESSED   0x00000010   Data   RW         4663    .data               network.o
    0x2000028c   COMPRESSED   0x00000010   Data   RW         4665    .data               network.o
    0x2000029c   COMPRESSED   0x00000010   Data   RW         4667    .data               network.o
    0x200002ac   COMPRESSED   0x00000010   Data   RW         4669    .data               network.o
    0x200002bc   COMPRESSED   0x00000010   Data   RW         4671    .data               network.o
    0x200002cc   COMPRESSED   0x00000010   Data   RW         4673    .data               network.o
    0x200002dc   COMPRESSED   0x00000010   Data   RW         4675    .data               network.o
    0x200002ec   COMPRESSED   0x00000010   Data   RW         4677    .data               network.o
    0x200002fc   COMPRESSED   0x00000010   Data   RW         4679    .data               network.o
    0x2000030c   COMPRESSED   0x00000010   Data   RW         4681    .data               network.o
    0x2000031c   COMPRESSED   0x00000010   Data   RW         4683    .data               network.o
    0x2000032c   COMPRESSED   0x00000010   Data   RW         4685    .data               network.o
    0x2000033c   COMPRESSED   0x00000010   Data   RW         4687    .data               network.o
    0x2000034c   COMPRESSED   0x00000010   Data   RW         4689    .data               network.o
    0x2000035c   COMPRESSED   0x00000010   Data   RW         4691    .data               network.o
    0x2000036c   COMPRESSED   0x00000010   Data   RW         4693    .data               network.o
    0x2000037c   COMPRESSED   0x00000010   Data   RW         4695    .data               network.o
    0x2000038c   COMPRESSED   0x00000010   Data   RW         4697    .data               network.o
    0x2000039c   COMPRESSED   0x00000010   Data   RW         4699    .data               network.o
    0x200003ac   COMPRESSED   0x00000010   Data   RW         4701    .data               network.o
    0x200003bc   COMPRESSED   0x00000010   Data   RW         4703    .data               network.o
    0x200003cc   COMPRESSED   0x00000010   Data   RW         4705    .data               network.o
    0x200003dc   COMPRESSED   0x00000010   Data   RW         4707    .data               network.o
    0x200003ec   COMPRESSED   0x00000010   Data   RW         4709    .data               network.o
    0x200003fc   COMPRESSED   0x00000010   Data   RW         4711    .data               network.o
    0x2000040c   COMPRESSED   0x00000010   Data   RW         4713    .data               network.o
    0x2000041c   COMPRESSED   0x00000010   Data   RW         4715    .data               network.o
    0x2000042c   COMPRESSED   0x00000010   Data   RW         4717    .data               network.o
    0x2000043c   COMPRESSED   0x00000010   Data   RW         4719    .data               network.o
    0x2000044c   COMPRESSED   0x00000010   Data   RW         4721    .data               network.o
    0x2000045c   COMPRESSED   0x00000010   Data   RW         4723    .data               network.o
    0x2000046c   COMPRESSED   0x00000010   Data   RW         4725    .data               network.o
    0x2000047c   COMPRESSED   0x00000010   Data   RW         4727    .data               network.o
    0x2000048c   COMPRESSED   0x00000010   Data   RW         4729    .data               network.o
    0x2000049c   COMPRESSED   0x00000010   Data   RW         4731    .data               network.o
    0x200004ac   COMPRESSED   0x00000010   Data   RW         4733    .data               network.o
    0x200004bc   COMPRESSED   0x00000010   Data   RW         4735    .data               network.o
    0x200004cc   COMPRESSED   0x00000010   Data   RW         4737    .data               network.o
    0x200004dc   COMPRESSED   0x00000010   Data   RW         4739    .data               network.o
    0x200004ec   COMPRESSED   0x00000010   Data   RW         4741    .data               network.o
    0x200004fc   COMPRESSED   0x00000010   Data   RW         4743    .data               network.o
    0x2000050c   COMPRESSED   0x00000010   Data   RW         4745    .data               network.o
    0x2000051c   COMPRESSED   0x00000010   Data   RW         4747    .data               network.o
    0x2000052c   COMPRESSED   0x00000010   Data   RW         4749    .data               network.o
    0x2000053c   COMPRESSED   0x00000010   Data   RW         4751    .data               network.o
    0x2000054c   COMPRESSED   0x00000010   Data   RW         4753    .data               network.o
    0x2000055c   COMPRESSED   0x00000010   Data   RW         4755    .data               network.o
    0x2000056c   COMPRESSED   0x00000010   Data   RW         4757    .data               network.o
    0x2000057c   COMPRESSED   0x00000010   Data   RW         4759    .data               network.o
    0x2000058c   COMPRESSED   0x00000010   Data   RW         4761    .data               network.o
    0x2000059c   COMPRESSED   0x00000004   Data   RW         4762    .data               network.o
    0x200005a0   COMPRESSED   0x00000004   Data   RW         4764    .data               network.o
    0x200005a4   COMPRESSED   0x00000004   Data   RW         4767    .data               network.o
    0x200005a8   COMPRESSED   0x00000004   Data   RW         4770    .data               network.o
    0x200005ac   COMPRESSED   0x00000004   Data   RW         4773    .data               network.o
    0x200005b0   COMPRESSED   0x00000004   Data   RW         4775    .data               network.o
    0x200005b4   COMPRESSED   0x00000004   Data   RW         4778    .data               network.o
    0x200005b8   COMPRESSED   0x00000008   Data   RW         4779    .data               network.o
    0x200005c0   COMPRESSED   0x00000004   Data   RW         4782    .data               network.o
    0x200005c4   COMPRESSED   0x00000004   Data   RW         4784    .data               network.o
    0x200005c8   COMPRESSED   0x00000004   Data   RW         4787    .data               network.o
    0x200005cc   COMPRESSED   0x00000004   Data   RW         4793    .data               network.o
    0x200005d0   COMPRESSED   0x00000008   Data   RW         4795    .data               network.o
    0x200005d8   COMPRESSED   0x00000004   Data   RW         4796    .data               network.o
    0x200005dc   COMPRESSED   0x00000004   Data   RW         4799    .data               network.o
    0x200005e0   COMPRESSED   0x00000004   Data   RW         4801    .data               network.o
    0x200005e4   COMPRESSED   0x00000004   Data   RW         4804    .data               network.o
    0x200005e8   COMPRESSED   0x0000000c   Data   RW         4805    .data               network.o
    0x200005f4   COMPRESSED   0x00000010   Data   RW         4808    .data               network.o
    0x20000604   COMPRESSED   0x00000008   Data   RW         4809    .data               network.o
    0x2000060c   COMPRESSED   0x00000004   Data   RW         4811    .data               network.o
    0x20000610   COMPRESSED   0x00000004   Data   RW         4815    .data               network.o
    0x20000614   COMPRESSED   0x00000004   Data   RW         4817    .data               network.o
    0x20000618   COMPRESSED   0x00000004   Data   RW         4820    .data               network.o
    0x2000061c   COMPRESSED   0x00000008   Data   RW         4821    .data               network.o
    0x20000624   COMPRESSED   0x00000004   Data   RW         4824    .data               network.o
    0x20000628   COMPRESSED   0x00000004   Data   RW         4826    .data               network.o
    0x2000062c   COMPRESSED   0x00000004   Data   RW         4829    .data               network.o
    0x20000630   COMPRESSED   0x00000004   Data   RW         4835    .data               network.o
    0x20000634   COMPRESSED   0x00000008   Data   RW         4837    .data               network.o
    0x2000063c   COMPRESSED   0x00000004   Data   RW         4838    .data               network.o
    0x20000640   COMPRESSED   0x00000004   Data   RW         4841    .data               network.o
    0x20000644   COMPRESSED   0x00000004   Data   RW         4843    .data               network.o
    0x20000648   COMPRESSED   0x00000004   Data   RW         4846    .data               network.o
    0x2000064c   COMPRESSED   0x0000000c   Data   RW         4847    .data               network.o
    0x20000658   COMPRESSED   0x00000004   Data   RW         4851    .data               network.o
    0x2000065c   COMPRESSED   0x00000008   Data   RW         4852    .data               network.o
    0x20000664   COMPRESSED   0x00000004   Data   RW         4855    .data               network.o
    0x20000668   COMPRESSED   0x00000004   Data   RW         4857    .data               network.o
    0x2000066c   COMPRESSED   0x00000004   Data   RW         4860    .data               network.o
    0x20000670   COMPRESSED   0x00000010   Data   RW         4865    .data               network.o
    0x20000680   COMPRESSED   0x00000004   Data   RW         4866    .data               network.o
    0x20000684   COMPRESSED   0x00000008   Data   RW         4868    .data               network.o
    0x2000068c   COMPRESSED   0x00000004   Data   RW         4869    .data               network.o
    0x20000690   COMPRESSED   0x00000004   Data   RW         4872    .data               network.o
    0x20000694   COMPRESSED   0x00000004   Data   RW         4874    .data               network.o
    0x20000698   COMPRESSED   0x00000004   Data   RW         4877    .data               network.o
    0x2000069c   COMPRESSED   0x0000000c   Data   RW         4878    .data               network.o
    0x200006a8   COMPRESSED   0x00000004   Data   RW         4883    .data               network.o
    0x200006ac   COMPRESSED   0x00000008   Data   RW         4884    .data               network.o
    0x200006b4   COMPRESSED   0x00000004   Data   RW         4887    .data               network.o
    0x200006b8   COMPRESSED   0x00000004   Data   RW         4889    .data               network.o
    0x200006bc   COMPRESSED   0x00000004   Data   RW         4892    .data               network.o
    0x200006c0   COMPRESSED   0x00000010   Data   RW         4897    .data               network.o
    0x200006d0   COMPRESSED   0x00000004   Data   RW         4898    .data               network.o
    0x200006d4   COMPRESSED   0x00000008   Data   RW         4900    .data               network.o
    0x200006dc   COMPRESSED   0x00000004   Data   RW         4901    .data               network.o
    0x200006e0   COMPRESSED   0x00000004   Data   RW         4904    .data               network.o
    0x200006e4   COMPRESSED   0x00000004   Data   RW         4906    .data               network.o
    0x200006e8   COMPRESSED   0x00000004   Data   RW         4909    .data               network.o
    0x200006ec   COMPRESSED   0x0000000c   Data   RW         4910    .data               network.o
    0x200006f8   COMPRESSED   0x00000004   Data   RW         4915    .data               network.o
    0x200006fc   COMPRESSED   0x00000008   Data   RW         4916    .data               network.o
    0x20000704   COMPRESSED   0x00000004   Data   RW         4919    .data               network.o
    0x20000708   COMPRESSED   0x00000004   Data   RW         4921    .data               network.o
    0x2000070c   COMPRESSED   0x00000004   Data   RW         4924    .data               network.o
    0x20000710   COMPRESSED   0x00000010   Data   RW         4929    .data               network.o
    0x20000720   COMPRESSED   0x00000004   Data   RW         4930    .data               network.o
    0x20000724   COMPRESSED   0x00000008   Data   RW         4932    .data               network.o
    0x2000072c   COMPRESSED   0x00000004   Data   RW         4933    .data               network.o
    0x20000730   COMPRESSED   0x00000004   Data   RW         4936    .data               network.o
    0x20000734   COMPRESSED   0x00000004   Data   RW         4938    .data               network.o
    0x20000738   COMPRESSED   0x00000004   Data   RW         4941    .data               network.o
    0x2000073c   COMPRESSED   0x0000000c   Data   RW         4942    .data               network.o
    0x20000748   COMPRESSED   0x00000010   Data   RW         4946    .data               network.o
    0x20000758   COMPRESSED   0x00000008   Data   RW         4951    .data               network.o
    0x20000760   COMPRESSED   0x00000004   Data   RW         4953    .data               network.o
    0x20000764   COMPRESSED   0x0000000c   Data   RW         4955    .data               network.o
    0x20000770   COMPRESSED   0x00000018   Data   RW         4956    .data               network.o
    0x20000788   COMPRESSED   0x0000001c   Data   RW         5000    .data               network.o
    0x200007a4   COMPRESSED   0x0000001c   Data   RW         5002    .data               network.o
    0x200007c0   COMPRESSED   0x0000001c   Data   RW         5004    .data               network.o
    0x200007dc   COMPRESSED   0x0000001c   Data   RW         5006    .data               network.o
    0x200007f8   COMPRESSED   0x0000001c   Data   RW         5008    .data               network.o
    0x20000814   COMPRESSED   0x0000001c   Data   RW         5010    .data               network.o
    0x20000830   COMPRESSED   0x0000001c   Data   RW         5012    .data               network.o
    0x2000084c   COMPRESSED   0x0000001c   Data   RW         5014    .data               network.o
    0x20000868   COMPRESSED   0x0000001c   Data   RW         5016    .data               network.o
    0x20000884   COMPRESSED   0x0000001c   Data   RW         5018    .data               network.o
    0x200008a0   COMPRESSED   0x0000001c   Data   RW         5020    .data               network.o
    0x200008bc   COMPRESSED   0x0000001c   Data   RW         5022    .data               network.o
    0x200008d8   COMPRESSED   0x0000001c   Data   RW         5024    .data               network.o
    0x200008f4   COMPRESSED   0x0000001c   Data   RW         5026    .data               network.o
    0x20000910   COMPRESSED   0x0000001c   Data   RW         5028    .data               network.o
    0x2000092c   COMPRESSED   0x0000001c   Data   RW         5030    .data               network.o
    0x20000948   COMPRESSED   0x0000001c   Data   RW         5032    .data               network.o
    0x20000964   COMPRESSED   0x0000001c   Data   RW         5034    .data               network.o
    0x20000980   COMPRESSED   0x0000001c   Data   RW         5036    .data               network.o
    0x2000099c   COMPRESSED   0x0000001c   Data   RW         5038    .data               network.o
    0x200009b8   COMPRESSED   0x0000001c   Data   RW         5040    .data               network.o
    0x200009d4   COMPRESSED   0x0000001c   Data   RW         5042    .data               network.o
    0x200009f0   COMPRESSED   0x0000001c   Data   RW         5044    .data               network.o
    0x20000a0c   COMPRESSED   0x0000001c   Data   RW         5047    .data               network.o
    0x20000a28   COMPRESSED   0x0000001c   Data   RW         5052    .data               network.o
    0x20000a44   COMPRESSED   0x0000001c   Data   RW         5060    .data               network.o
    0x20000a60   COMPRESSED   0x0000001c   Data   RW         5066    .data               network.o
    0x20000a7c   COMPRESSED   0x0000001c   Data   RW         5072    .data               network.o
    0x20000a98   COMPRESSED   0x0000001c   Data   RW         5078    .data               network.o
    0x20000ab4   COMPRESSED   0x00000010   Data   RW         5316    .data               network_data.o
    0x20000ac4   COMPRESSED   0x0000001c   Data   RW         5319    .data               network_data.o
    0x20000ae0        -       0x0000f60c   Zero   RW           24    .bss                main.o
    0x200100ec        -       0x000052c0   Zero   RW         4159    .bss                jpeg.o
    0x200153ac        -       0x00000010   Zero   RW         4544    .bss                network.o
    0x200153bc        -       0x00000010   Zero   RW         4548    .bss                network.o
    0x200153cc   COMPRESSED   0x00000004   PAD
    0x200153d0        -       0x00002000   Zero   RW            1    STACK               startup_stm32f407xx.o



  Load Region LR$$.ARM.__AT_0x68531800 (Base: 0x68531800, Size: 0x00000000, Max: 0x000012c0, ABSOLUTE)

    Execution Region ER$$.ARM.__AT_0x68531800 (Exec base: 0x68531800, Load base: 0x68531800, Size: 0x000012c0, Max: 0x000012c0, ABSOLUTE, UNINIT)

    Exec Addr    Load Addr    Size         Type   Attr      Idx    E Section Name        Object

    0x68531800        -       0x000012c0   Zero   RW         4158    .ARM.__AT_0x68531800  jpeg.o


==============================================================================

Image component sizes


      Code (inc. data)   RO Data    RW Data    ZI Data      Debug   Object Name

       348         42          0          0        160       2028   dcmi.o
       156          4          0          0          0        918   dma.o
       284         36          0          8         80       2383   fsmc.o
       424         34          0          0          0       1259   gpio.o
      1212         66          0          8      25984       6536   jpeg.o
      1124        198          4         24      82808     741140   main.o
      1748        106        280      10956        120      67006   network.o
        40          4        104         88          0      15373   network_data.o
         0          0     372240          0          0      14778   network_data_params.o
       764         32        454          0          0       6962   ov2640.o
       520         32          0          0          0       4283   sccb.o
       176         20          0          0         88       1805   spi.o
        36          8        392          0       8192        864   startup_stm32f407xx.o
        80         14          0         12          0       8258   stm32f4xx_hal.o
       158         14          0          0          0      33170   stm32f4xx_hal_cortex.o
       624         18          0          0          0       6271   stm32f4xx_hal_dcmi.o
       134          0          0          0          0       1172   stm32f4xx_hal_dcmi_ex.o
      1084         16          8          0          0       7610   stm32f4xx_hal_dma.o
      2476         18          0          0          0       3509   stm32f4xx_hal_dma_ex.o
       532         46          0          0          0       3636   stm32f4xx_hal_gpio.o
        48          6          0          0          0        918   stm32f4xx_hal_msp.o
      1408         82          0          0          0       6117   stm32f4xx_hal_rcc.o
       980         16          0          0          0       5049   stm32f4xx_hal_spi.o
        92          0          0          0          0       1284   stm32f4xx_hal_sram.o
       896        102          0          0          0       8574   stm32f4xx_hal_tim.o
       148         28          0          0          0       2601   stm32f4xx_hal_tim_ex.o
       140         20          0          0         72       1519   stm32f4xx_hal_timebase_tim.o
      1432         14          0          0          0      10407   stm32f4xx_hal_uart.o
       202         88          0          0          0      11533   stm32f4xx_it.o
       224         14          0          0          0       4095   stm32f4xx_ll_fsmc.o
        16          4         24          4          0       1211   system_stm32f4xx.o
       336         44          0          0        216       3034   tim.o
       884         64          0          0        792       3914   usart.o
       424         38          0          2          0       4525   w25flash.o

    ----------------------------------------------------------------------
     19180       1228     373580      11104     118516     993742   Object Totals
         0          0         64          0          0          0   (incl. Generated)
        30          0         10          2          4          0   (incl. Padding)

    ----------------------------------------------------------------------

      Code (inc. data)   RO Data    RW Data    ZI Data      Debug   Library Member Name

       326         54          0          0          0        244   ai_datatypes_format.o
        52          6          0          0          0        232   ai_datatypes_internal.o
        48          0          0          0          0        232   ai_math_helpers.o
       158          8          0          0          0        368   ai_platform.o
      2212         76        104          0          0       2764   ai_platform_interface.o
        42          0          0          0          0        348   core_common.o
       444          4         28          0          0        276   core_utils.o
       136          0          0          0          0        136   forward_lite_bn_internal.o
       726          6          0          0          0        308   forward_lite_conv2d_if32of32wf32.o
       226          6          0          0          0        628   layers.o
       824          6          0          0          0        292   layers_conv2d_generic_float.o
       614          6        640          0          0        264   layers_generic_float.o
       448         12          0          0          0        644   layers_nl_generic_float.o
       214          0          0          0          0        248   layers_norm_generic_float.o
       490          0          0          0          0        276   layers_pool_generic_float.o
        26          0          0          0          0        128   lite_bn_f32.o
      1460         28          0          0          0        992   lite_dense_if32.o
       172          4          0          0          0        116   lite_nl_relu_if32of32.o
       152          6          0          0          0        148   lite_nl_softmax_if32of32.o
       144          0          0          0          0        132   st_int8_fill.o
       488         62         48          0          0        236   expf.o
        38          0          0          0          0        116   fpclassifyf.o
        38         12          0          0          0        348   funder.o
        86          0          0          0          0          0   __dczerorl2.o
         0          0          0          0          0          0   entry.o
         0          0          0          0          0          0   entry10a.o
         0          0          0          0          0          0   entry11a.o
         4          0          0          0          0          0   entry12b.o
         8          4          0          0          0          0   entry2.o
         4          0          0          0          0          0   entry5.o
         0          0          0          0          0          0   entry7b.o
         0          0          0          0          0          0   entry8b.o
         8          4          0          0          0          0   entry9a.o
        12          6          0          4          0         68   errno.o
        30          0          0          0          0          0   handlers.o
        36          8          0          0          0         68   init.o
         0          0          0          0          0          0   iusefp.o
        30          0          0          0          0         68   llshl.o
        36          0          0          0          0         68   llsshr.o
        32          0          0          0          0         68   llushr.o
        26          0          0          0          0         80   memcmp.o
        36          0          0          0          0         68   memcpya.o
        36          0          0          0          0        108   memseta.o
      2236         86          0          0          0        532   printfa.o
        44          0          0          0          0         80   uidiv.o
        98          0          0          0          0         92   uldiv.o
        48          0          0          0          0         68   cdrcmple.o
       334          0          0          0          0        148   dadd.o
       222          0          0          0          0        100   ddiv.o
       186          0          0          0          0        176   depilogue.o
        48          0          0          0          0         68   dfixul.o
       228          0          0          0          0         96   dmul.o
        38          0          0          0          0         68   f2d.o

    ----------------------------------------------------------------------
     13368        404        820          4         28      11500   Library Totals
        24          0          0          0         28          0   (incl. Padding)

    ----------------------------------------------------------------------

      Code (inc. data)   RO Data    RW Data    ZI Data      Debug   Library Name

      8914        222        772          0          0       8776   NetworkRuntime910_CM4_Keil.lib
       564         74         48          0          0        700   m_wm.l
      2762        108          0          4          0       1300   mc_w.l
      1104          0          0          0          0        724   mf_w.l

    ----------------------------------------------------------------------
     13368        404        820          4         28      11500   Library Totals

    ----------------------------------------------------------------------

==============================================================================


      Code (inc. data)   RO Data    RW Data    ZI Data      Debug   

     32548       1632     374400      11108     118544     982538   Grand Totals
     32548       1632     374400       2964     118544     982538   ELF Image Totals (compressed)
     32548       1632     374400       2964          0          0   ROM Totals

==============================================================================

    Total RO  Size (Code + RO Data)               406948 ( 397.41kB)
    Total RW  Size (RW Data + ZI Data)            129652 ( 126.61kB)
    Total ROM Size (Code + RO Data + RW Data)     409912 ( 400.30kB)

==============================================================================

